<html>
<body>
<pre>
<h1>礦ision Build Log</h1>
<h2>Project:</h2>
D:\开发资料\stm32\实验例程-Example\HY-FireBull V1.0 2011.3.31\HY-FireBull V1.0 2011.3.31\GPIO\MDK-ARM\Project.uvproj
Project File Date:  01/03/2011

<h2>Output:</h2>
Load "D:\\开发资料\\stm32\\实验例程-Example\\HY-FireBull V1.0 2011.3.31\\HY-FireBull V1.0 2011.3.31\\GPIO\\MDK-ARM\\Obj\\Project.AXF" 
Erase Done.
Programming Done.
Verify OK.
Application running ...
Load "D:\\开发资料\\stm32\\实验例程-Example\\HY-FireBull V1.0 2011.3.31\\HY-FireBull V1.0 2011.3.31\\GPIO\\MDK-ARM\\Obj\\Project.hex" 
Erase Done.
Programming Done.
Verify OK.
Application running ...
Load "D:\\开发资料\\stm32\\实验例程-Example\\HY-FireBull V1.0 2011.3.31\\HY-FireBull V1.0 2011.3.31\\GPIO\\MDK-ARM\\Obj\\Project.hex" 
Erase Done.
Programming Done.
Verify OK.
Load "D:\\开发资料\\stm32\\实验例程-Example\\HY-FireBull V1.0 2011.3.31\\HY-FireBull V1.0 2011.3.31\\GPIO\\MDK-ARM\\Obj\\Project.hex" 
Full Chip Erase Done.
Programming Done.
Verify OK.
Load "D:\\开发资料\\stm32\\实验例程-Example\\HY-FireBull V1.0 2011.3.31\\HY-FireBull V1.0 2011.3.31\\GPIO\\MDK-ARM\\Obj\\Project.hex" 
Full Chip Erase Failed!
Load "D:\\开发资料\\stm32\\实验例程-Example\\HY-FireBull V1.0 2011.3.31\\HY-FireBull V1.0 2011.3.31\\GPIO\\MDK-ARM\\Obj\\Project.hex" 
Full Chip Erase Failed!
Load "D:\\开发资料\\stm32\\实验例程-Example\\HY-FireBull V1.0 2011.3.31\\HY-FireBull V1.0 2011.3.31\\GPIO\\MDK-ARM\\Obj\\Project.hex" 
Load "D:\\开发资料\\stm32\\实验例程-Example\\HY-FireBull V1.0 2011.3.31\\HY-FireBull V1.0 2011.3.31\\GPIO\\MDK-ARM\\Obj\\Project.hex" 
Full Chip Erase Failed!
Load "D:\\开发资料\\stm32\\实验例程-Example\\HY-FireBull V1.0 2011.3.31\\HY-FireBull V1.0 2011.3.31\\GPIO\\MDK-ARM\\Obj\\Project.hex" 
Full Chip Erase Failed!
Load "D:\\开发资料\\stm32\\实验例程-Example\\HY-FireBull V1.0 2011.3.31\\HY-FireBull V1.0 2011.3.31\\GPIO\\MDK-ARM\\Obj\\Project.hex" 
Full Chip Erase Failed!
Load "D:\\开发资料\\stm32\\实验例程-Example\\HY-FireBull V1.0 2011.3.31\\HY-FireBull V1.0 2011.3.31\\GPIO\\MDK-ARM\\Obj\\Project.hex" 
Erase Done.
Programming Done.
Verify OK.
Build target 'HY-FireBull V1.0'
compiling main.c...
compiling stm32f10x_it.c...
compiling misc.c...
compiling stm32f10x_flash.c...
compiling stm32f10x_gpio.c...
compiling stm32f10x_rcc.c...
compiling stm32f10x_adc.c...
compiling stm32f10x_bkp.c...
compiling stm32f10x_can.c...
compiling stm32f10x_cec.c...
compiling stm32f10x_crc.c...
compiling stm32f10x_dac.c...
compiling stm32f10x_dbgmcu.c...
compiling stm32f10x_dma.c...
compiling stm32f10x_exti.c...
compiling stm32f10x_fsmc.c...
compiling stm32f10x_i2c.c...
compiling stm32f10x_iwdg.c...
compiling stm32f10x_pwr.c...
compiling stm32f10x_rtc.c...
compiling stm32f10x_sdio.c...
compiling stm32f10x_spi.c...
compiling stm32f10x_tim.c...
compiling stm32f10x_usart.c...
compiling stm32f10x_wwdg.c...
compiling core_cm3.c...
compiling system_stm32f10x.c...
assembling startup_stm32f10x_hd.s...
linking...
Program Size: Code=968 RO-data=320 RW-data=0 ZI-data=1024  
FromELF: creating hex file...
".\Obj\Project.hex.axf" - 0 Error(s), 0 Warning(s).
Load "D:\\开发资料\\stm32\\实验例程-Example\\HY-FireBull V1.0 2011.3.31\\HY-FireBull V1.0 2011.3.31\\GPIO\\MDK-ARM\\Obj\\Project.hex" 
Erase Done.
Programming Done.
Verify OK.
Build target 'HY-FireBull V1.0'
compiling main.c...
compiling stm32f10x_it.c...
compiling misc.c...
compiling stm32f10x_flash.c...
compiling stm32f10x_gpio.c...
compiling stm32f10x_rcc.c...
compiling stm32f10x_adc.c...
compiling stm32f10x_bkp.c...
compiling stm32f10x_can.c...
compiling stm32f10x_cec.c...
compiling stm32f10x_crc.c...
compiling stm32f10x_dac.c...
compiling stm32f10x_dbgmcu.c...
compiling stm32f10x_dma.c...
compiling stm32f10x_exti.c...
compiling stm32f10x_fsmc.c...
compiling stm32f10x_i2c.c...
compiling stm32f10x_iwdg.c...
compiling stm32f10x_pwr.c...
compiling stm32f10x_rtc.c...
compiling stm32f10x_sdio.c...
compiling stm32f10x_spi.c...
compiling stm32f10x_tim.c...
compiling stm32f10x_usart.c...
compiling stm32f10x_wwdg.c...
compiling core_cm3.c...
compiling system_stm32f10x.c...
assembling startup_stm32f10x_hd.s...
linking...
Program Size: Code=1000 RO-data=320 RW-data=0 ZI-data=1024  
FromELF: creating hex file...
".\Obj\Project.hex.axf" - 0 Error(s), 0 Warning(s).
Load "D:\\开发资料\\stm32\\实验例程-Example\\HY-FireBull V1.0 2011.3.31\\HY-FireBull V1.0 2011.3.31\\GPIO\\MDK-ARM\\Obj\\Project.hex" 
Load "D:\\开发资料\\stm32\\实验例程-Example\\HY-FireBull V1.0 2011.3.31\\HY-FireBull V1.0 2011.3.31\\GPIO\\MDK-ARM\\Obj\\Project.hex" 
Erase Done.
Programming Done.
Verify OK.
Build target 'HY-FireBull V1.0'
compiling main.c...
compiling stm32f10x_it.c...
compiling misc.c...
compiling stm32f10x_flash.c...
compiling stm32f10x_gpio.c...
compiling stm32f10x_rcc.c...
compiling stm32f10x_adc.c...
compiling stm32f10x_bkp.c...
compiling stm32f10x_can.c...
compiling stm32f10x_cec.c...
compiling stm32f10x_crc.c...
compiling stm32f10x_dac.c...
compiling stm32f10x_dbgmcu.c...
compiling stm32f10x_dma.c...
compiling stm32f10x_exti.c...
compiling stm32f10x_fsmc.c...
compiling stm32f10x_i2c.c...
compiling stm32f10x_iwdg.c...
compiling stm32f10x_pwr.c...
compiling stm32f10x_rtc.c...
compiling stm32f10x_sdio.c...
compiling stm32f10x_spi.c...
compiling stm32f10x_tim.c...
compiling stm32f10x_usart.c...
compiling stm32f10x_wwdg.c...
compiling core_cm3.c...
compiling system_stm32f10x.c...
assembling startup_stm32f10x_hd.s...
linking...
Program Size: Code=1008 RO-data=320 RW-data=0 ZI-data=1024  
FromELF: creating hex file...
".\Obj\Project.hex.axf" - 0 Error(s), 0 Warning(s).
Load "D:\\开发资料\\stm32\\实验例程-Example\\HY-FireBull V1.0 2011.3.31\\HY-FireBull V1.0 2011.3.31\\GPIO\\MDK-ARM\\Obj\\Project.hex" 
Erase Done.
Programming Done.
Verify OK.
